
> nars-frontend@1.0.0 typecheck
> vue-tsc --noEmit

src/api.ts(3,39): error TS2339: Property 'env' does not exist on type 'ImportMeta'.
src/components/FeatureModal.vue(151,37): error TS2538: Type 'null' cannot be used as an index type.
src/components/FeatureModal.vue(176,53): error TS2345: Argument of type 'number' is not assignable to parameter of type 'string'.
src/components/FeatureModal.vue(178,51): error TS2345: Argument of type 'number' is not assignable to parameter of type 'string'.
src/components/FeatureModal.vue(184,57): error TS2345: Argument of type 'number' is not assignable to parameter of type 'string'.
src/components/FeatureModal.vue(199,48): error TS2339: Property 'label' does not exist on type '{}'.
src/components/FeatureModal.vue(200,48): error TS2339: Property 'decisionNumber' does not exist on type '{}'.
src/components/FeatureModal.vue(201,48): error TS2339: Property 'decisionDate' does not exist on type '{}'.
src/components/FeatureModal.vue(204,81): error TS2339: Property 'road' does not exist on type '{}'.
src/components/FeatureModal.vue(205,81): error TS2339: Property 'mainEntrance' does not exist on type '{}'.
src/components/FeatureModal.vue(221,16): error TS2339: Property 'areaTypeKey' does not exist on type '{ label: string; decisionNumber: string; decisionDate: string; }'.
src/components/FeatureModal.vue(223,16): error TS2339: Property 'districtTypeKey' does not exist on type '{ label: string; decisionNumber: string; decisionDate: string; }'.
src/components/FeatureModal.vue(225,16): error TS2339: Property 'roadTypeKey' does not exist on type '{ label: string; decisionNumber: string; decisionDate: string; }'.
src/components/FeatureModal.vue(227,57): error TS2345: Argument of type 'number | ""' is not assignable to parameter of type 'string'.
  Type 'number' is not assignable to type 'string'.
src/components/FeatureModal.vue(228,16): error TS2339: Property 'roadDbId' does not exist on type '{ label: string; decisionNumber: string; decisionDate: string; }'.
src/components/FeatureModal.vue(229,16): error TS2339: Property 'roadLabel' does not exist on type '{ label: string; decisionNumber: string; decisionDate: string; }'.
src/components/FeatureModal.vue(230,16): error TS2339: Property 'side' does not exist on type '{ label: string; decisionNumber: string; decisionDate: string; }'.
src/components/FeatureModal.vue(231,16): error TS2339: Property 'entranceNumber' does not exist on type '{ label: string; decisionNumber: string; decisionDate: string; }'.
src/components/FeatureModal.vue(233,65): error TS2345: Argument of type 'number | ""' is not assignable to parameter of type 'string'.
  Type 'number' is not assignable to type 'string'.
src/components/FeatureModal.vue(234,16): error TS2339: Property 'mainEntranceDbId' does not exist on type '{ label: string; decisionNumber: string; decisionDate: string; }'.
src/components/FeatureModal.vue(235,16): error TS2339: Property 'mainEntranceLabel' does not exist on type '{ label: string; decisionNumber: string; decisionDate: string; }'.
src/components/FeatureModal.vue(236,16): error TS2339: Property 'bisNumber' does not exist on type '{ label: string; decisionNumber: string; decisionDate: string; }'.
src/components/FeatureModal.vue(238,16): error TS2339: Property 'spaceTypeKey' does not exist on type '{ label: string; decisionNumber: string; decisionDate: string; }'.
src/components/FeatureModal.vue(247,18): error TS7006: Parameter 'e' implicitly has an 'any' type.
src/components/PhaseBar.vue(47,23): error TS7006: Parameter 'index' implicitly has an 'any' type.
src/map.ts(12,17): error TS2503: Cannot find namespace 'L'.
src/map.ts(13,25): error TS2503: Cannot find namespace 'L'.
src/map.ts(14,25): error TS2503: Cannot find namespace 'L'.
src/map.ts(15,25): error TS2503: Cannot find namespace 'L'.
src/map.ts(16,26): error TS2503: Cannot find namespace 'L'.
src/map.ts(17,25): error TS2503: Cannot find namespace 'L'.
src/map.ts(18,25): error TS2503: Cannot find namespace 'L'.
src/map.ts(45,49): error TS2503: Cannot find namespace 'L'.
src/map.ts(50,37): error TS2503: Cannot find namespace 'L'.
src/map.ts(56,23): error TS2503: Cannot find namespace 'L'.
src/map.ts(62,80): error TS2503: Cannot find namespace 'L'.
src/map.ts(73,34): error TS2503: Cannot find namespace 'L'.
src/map.ts(83,92): error TS2503: Cannot find namespace 'L'.
src/map.ts(95,26): error TS2503: Cannot find namespace 'L'.
src/map.ts(95,39): error TS2503: Cannot find namespace 'L'.
src/map.ts(100,38): error TS2503: Cannot find namespace 'L'.
src/map.ts(102,39): error TS2503: Cannot find namespace 'L'.
src/map.ts(104,33): error TS2503: Cannot find namespace 'L'.
src/map.ts(114,38): error TS2503: Cannot find namespace 'L'.
src/map.ts(117,16): error TS2503: Cannot find namespace 'L'.
src/map.ts(120,49): error TS2503: Cannot find namespace 'L'.
src/map.ts(127,29): error TS2503: Cannot find namespace 'L'.
src/map.ts(153,26): error TS2503: Cannot find namespace 'L'.
src/map.ts(154,26): error TS2503: Cannot find namespace 'L'.
src/map.ts(156,30): error TS2503: Cannot find namespace 'L'.
src/map.ts(156,46): error TS2503: Cannot find namespace 'L'.
src/map.ts(167,40): error TS2503: Cannot find namespace 'L'.
src/map.ts(172,39): error TS2503: Cannot find namespace 'L'.
src/map.ts(176,34): error TS2503: Cannot find namespace 'L'.
src/map.ts(176,47): error TS2503: Cannot find namespace 'L'.
src/map.ts(177,39): error TS2503: Cannot find namespace 'L'.
src/map.ts(181,48): error TS2503: Cannot find namespace 'L'.
src/map.ts(182,18): error TS2503: Cannot find namespace 'L'.
src/map.ts(213,37): error TS2503: Cannot find namespace 'L'.
src/map.ts(233,27): error TS2503: Cannot find namespace 'L'.
src/map.ts(254,17): error TS2503: Cannot find namespace 'L'.
src/map.ts(285,33): error TS2339: Property 'Draw' does not exist on type 'typeof Control'.
src/map.ts(291,41): error TS2503: Cannot find namespace 'L'.
src/map.ts(292,21): error TS2503: Cannot find namespace 'L'.
src/map.ts(293,68): error TS2503: Cannot find namespace 'L'.
src/map.ts(294,84): error TS2503: Cannot find namespace 'L'.
src/map.ts(295,68): error TS2503: Cannot find namespace 'L'.
src/map.ts(324,34): error TS2503: Cannot find namespace 'L'.
src/map.ts(333,30): error TS2503: Cannot find namespace 'L'.
src/map.ts(337,22): error TS2503: Cannot find namespace 'L'.
src/map.ts(337,52): error TS2503: Cannot find namespace 'L'.
src/map.ts(338,22): error TS2503: Cannot find namespace 'L'.
src/map.ts(338,50): error TS2503: Cannot find namespace 'L'.
src/map.ts(408,28): error TS2503: Cannot find namespace 'L'.
src/map.ts(432,28): error TS2503: Cannot find namespace 'L'.
src/map.ts(505,14): error TS2339: Property 'Draw' does not exist on type 'typeof import("/home/zuhir/Workspace/nars-vite/node_modules/@types/leaflet/index")'.
src/map.ts(505,48): error TS2503: Cannot find namespace 'L'.
src/map.ts(506,32): error TS2503: Cannot find namespace 'L'.
src/map.ts(513,55): error TS2503: Cannot find namespace 'L'.
src/map.ts(517,59): error TS2503: Cannot find namespace 'L'.
src/map.ts(537,20): error TS2503: Cannot find namespace 'L'.
src/map.ts(542,34): error TS2503: Cannot find namespace 'L'.
src/map.ts(553,14): error TS2339: Property 'Draw' does not exist on type 'typeof import("/home/zuhir/Workspace/nars-vite/node_modules/@types/leaflet/index")'.
src/map.ts(553,47): error TS2503: Cannot find namespace 'L'.
src/map.ts(554,28): error TS2503: Cannot find namespace 'L'.
src/map.ts(555,42): error TS2503: Cannot find namespace 'L'.
src/map.ts(567,69): error TS2503: Cannot find namespace 'L'.
src/map.ts(569,74): error TS2503: Cannot find namespace 'L'.
src/map.ts(586,30): error TS7006: Parameter 'l' implicitly has an 'any' type.
src/map.ts(589,14): error TS2339: Property 'Draw' does not exist on type 'typeof import("/home/zuhir/Workspace/nars-vite/node_modules/@types/leaflet/index")'.
src/map.ts(589,48): error TS2503: Cannot find namespace 'L'.
src/map.ts(590,28): error TS2503: Cannot find namespace 'L'.
src/map.ts(592,42): error TS2503: Cannot find namespace 'L'.
src/map.ts(600,94): error TS2503: Cannot find namespace 'L'.
src/map.ts(605,30): error TS7006: Parameter 'l' implicitly has an 'any' type.
src/map.ts(617,72): error TS2503: Cannot find namespace 'L'.
src/map.ts(650,62): error TS2503: Cannot find namespace 'L'.
src/map.ts(671,28): error TS2503: Cannot find namespace 'L'.
src/map.ts(672,60): error TS2503: Cannot find namespace 'L'.
src/map.ts(673,60): error TS2503: Cannot find namespace 'L'.
src/map.ts(674,60): error TS2503: Cannot find namespace 'L'.
src/map.ts(675,60): error TS2503: Cannot find namespace 'L'.
src/map.ts(676,60): error TS2503: Cannot find namespace 'L'.
src/map.ts(678,19): error TS2503: Cannot find namespace 'L'.
src/map.ts(681,20): error TS2503: Cannot find namespace 'L'.
src/map.ts(684,19): error TS2503: Cannot find namespace 'L'.
src/store.ts(20,31): error TS2503: Cannot find namespace 'L'.
src/store.ts(26,54): error TS2503: Cannot find namespace 'L'.
src/types.ts(84,12): error TS2503: Cannot find namespace 'L'.
src/validation.ts(10,43): error TS2503: Cannot find namespace 'L'.
src/validation.ts(11,44): error TS7006: Parameter 'll' implicitly has an 'any' type.
src/validation.ts(12,25): error TS2503: Cannot find namespace 'L'.
src/validation.ts(29,47): error TS2503: Cannot find namespace 'L'.
src/validation.ts(30,42): error TS2503: Cannot find namespace 'L'.
vite.config.ts(3,25): error TS2307: Cannot find module 'path' or its corresponding type declarations.
vite.config.ts(13,24): error TS2304: Cannot find name '__dirname'.
vite.config.ts(14,24): error TS2304: Cannot find name '__dirname'.

> nars-frontend@1.0.0 typecheck
> vue-tsc --noEmit

src/components/FeatureModal.vue(231,9): error TS2322: Type '"left" | "right" | null' is not assignable to type '"left" | "right" | undefined'.
  Type 'null' is not assignable to type '"left" | "right" | undefined'.
src/components/FeatureModal.vue(232,9): error TS2322: Type 'number | null' is not assignable to type 'number | undefined'.
  Type 'null' is not assignable to type 'number | undefined'.
src/components/FeatureModal.vue(237,9): error TS2322: Type 'number | null' is not assignable to type 'number | undefined'.
  Type 'null' is not assignable to type 'number | undefined'.
src/components/FeatureModal.vue(242,18): error TS2345: Argument of type 'Partial<FeatureData>' is not assignable to parameter of type 'ModalResult'.
  Types of property 'label' are incompatible.
    Type 'string | undefined' is not assignable to type 'string'.
      Type 'undefined' is not assignable to type 'string'.
src/map.ts(258,53): error TS2322: Type '{}' is not assignable to type 'boolean | null | undefined'.
